2026-07-03 18:14:23, MOVE, v:1, k:fup@boletim, mode:DOWN
2026-07-03 18:14:25, MOVE, v:1, k:fup@boletim, mode:PICK
2026-07-03 18:14:23, MOVE, v:1, k:fup@boletim, mode:EDIT
2026-07-03 18:18:56, MOVE, v:1, k:fup@boletim, mode:EDIT
2026-07-03 18:35:46, EXEC, v:1, k:fup@boletim, mode:FULL, rate:100, size:15
2026-07-03 18:35:57, MOVE, v:1, k:fup@boletim, mode:BACK
2026-07-03 18:35:42, MOVE, v:1, k:fup@boletim, mode:EDIT
2026-07-03 18:35:46, MOVE, v:1, k:fup@boletim, mode:EDIT
2026-07-03 18:36:09, SELF, v:1, k:fup@boletim, self:1, rate:100, concept:1, problem:1
2026-07-03 18:38:53, MOVE, v:1, k:fup@soldados, mode:DOWN
2026-07-03 18:38:55, MOVE, v:1, k:fup@soldados, mode:PICK
2026-07-03 18:38:53, MOVE, v:1, k:fup@soldados, mode:EDIT
2026-07-03 18:47:07, MOVE, v:1, k:fup@soldados, mode:EDIT
2026-07-03 18:52:13, EXEC, v:1, k:fup@soldados, mode:FULL, rate:0, size:23
2026-07-03 18:52:55, EXEC, v:1, k:fup@soldados, mode:FULL, rate:0, size:23
2026-07-03 18:52:52, MOVE, v:1, k:fup@soldados, mode:EDIT
2026-07-03 18:52:55, MOVE, v:1, k:fup@soldados, mode:EDIT
2026-07-03 18:58:03, MOVE, v:1, k:fup@soldados, mode:EDIT
2026-07-03 18:58:36, EXEC, v:1, k:fup@soldados, mode:FULL, rate:14, size:25
2026-07-03 18:59:02, EXEC, v:1, k:fup@soldados, mode:FULL, rate:28, size:25
2026-07-03 18:59:45, EXEC, v:1, k:fup@soldados, mode:FULL, rate:28, size:25
2026-07-03 18:59:40, MOVE, v:1, k:fup@soldados, mode:EDIT
2026-07-03 18:59:45, MOVE, v:1, k:fup@soldados, mode:EDIT
2026-07-03 19:11:44, MOVE, v:1, k:fup@soldados, mode:EDIT
2026-07-03 19:15:45, EXEC, v:1, k:fup@soldados, mode:FULL, rate:100, size:23
2026-07-03 19:15:56, MOVE, v:1, k:fup@soldados, mode:BACK
2026-07-03 19:16:38, SELF, v:1, k:fup@soldados, self:1, rate:100, concept:1, problem:1
