2026-04-27 13:20:10, MOVE, v:1, k:fup@ceu, mode:DOWN
2026-04-27 13:20:12, MOVE, v:1, k:fup@ceu, mode:PICK
2026-04-27 13:20:10, MOVE, v:1, k:fup@ceu, mode:EDIT
2026-04-27 13:20:10, MOVE, v:1, k:fup@ceu, mode:EDIT
2026-04-27 13:21:53, MOVE, v:1, k:fup@ceu, mode:EDIT
2026-04-27 13:28:18, MOVE, v:1, k:fup@ceu, mode:EDIT
2026-04-27 13:28:51, EXEC, v:1, k:fup@ceu, mode:FULL, rate:0, size:17
2026-04-27 13:29:33, EXEC, v:1, k:fup@ceu, mode:FULL, rate:0, size:17
2026-04-27 13:29:53, EXEC, v:1, k:fup@ceu, mode:FULL, rate:20, size:18
2026-04-27 13:30:20, EXEC, v:1, k:fup@ceu, mode:FULL, rate:0, size:18
2026-04-27 13:30:35, EXEC, v:1, k:fup@ceu, mode:FULL, rate:0, size:18
2026-04-27 13:30:56, EXEC, v:1, k:fup@ceu, mode:FULL, rate:20, size:18
2026-04-27 13:32:06, EXEC, v:1, k:fup@ceu, mode:FULL, rate:20, size:18
2026-04-27 13:32:23, EXEC, v:1, k:fup@ceu, mode:FULL, rate:0, size:18
2026-04-27 13:32:34, EXEC, v:1, k:fup@ceu, mode:FULL, rate:0, size:18
2026-04-27 13:32:43, EXEC, v:1, k:fup@ceu, mode:FULL, rate:20, size:18
2026-04-27 13:33:07, EXEC, v:1, k:fup@ceu, mode:FULL, rate:0, size:18
2026-04-27 13:33:23, EXEC, v:1, k:fup@ceu, mode:FULL, rate:20, size:18
2026-04-27 13:33:37, EXEC, v:1, k:fup@ceu, mode:FULL, rate:0, size:18
2026-04-27 13:33:43, EXEC, v:1, k:fup@ceu, mode:FULL, rate:20, size:18
2026-04-27 13:33:43, MOVE, v:1, k:fup@ceu, mode:EDIT
2026-04-27 13:33:42, MOVE, v:1, k:fup@ceu, mode:EDIT
2026-04-27 13:33:57, EXEC, v:1, k:fup@ceu, mode:FULL, rate:20, size:18
2026-04-27 13:34:13, EXEC, v:1, k:fup@ceu, mode:FULL, rate:0, size:18
2026-04-27 13:34:34, EXEC, v:1, k:fup@ceu, mode:FULL, rate:80, size:17
2026-04-27 13:34:56, EXEC, v:1, k:fup@ceu, mode:FULL, rate:20, size:18
2026-04-27 13:35:19, EXEC, v:1, k:fup@ceu, mode:FULL, rate:20, size:18
2026-04-27 13:36:30, EXEC, v:1, k:fup@ceu, mode:FULL, rate:0, size:18
2026-04-27 13:36:41, EXEC, v:1, k:fup@ceu, mode:FULL, rate:100, size:18
2026-04-27 13:36:51, MOVE, v:1, k:fup@ceu, mode:BACK
2026-04-27 13:38:17, SELF, v:1, k:fup@ceu, self:1, rate:100, concept:1, problem:1, code:1, refactor:1
2026-04-27 13:39:48, MOVE, v:1, k:fup@esconde, mode:DOWN
2026-04-27 13:39:49, MOVE, v:1, k:fup@esconde, mode:PICK
2026-04-27 13:39:48, MOVE, v:1, k:fup@esconde, mode:EDIT
2026-04-27 13:39:48, MOVE, v:1, k:fup@esconde, mode:EDIT
2026-04-27 13:44:28, MOVE, v:1, k:fup@esconde, mode:EDIT
2026-04-27 13:45:42, EXEC, v:1, k:fup@esconde, mode:FULL, rate:0, size:15
2026-04-27 13:46:31, EXEC, v:1, k:fup@esconde, mode:FULL, rate:0, size:15
2026-04-27 13:46:55, EXEC, v:1, k:fup@esconde, mode:FULL, rate:100, size:15
2026-04-27 13:47:07, MOVE, v:1, k:fup@esconde, mode:BACK
2026-04-27 13:47:28, SELF, v:1, k:fup@esconde, self:1, rate:100, concept:1, problem:1
