2026-06-09 02:05:21, MOVE, v:1, k:fup@inverte, mode:DOWN
2026-06-09 02:05:22, MOVE, v:1, k:fup@inverte, mode:PICK
2026-06-09 02:05:21, MOVE, v:1, k:fup@inverte, mode:EDIT
2026-06-09 02:05:21, MOVE, v:1, k:fup@inverte, mode:EDIT
2026-06-09 02:07:48, MOVE, v:1, k:fup@inverte, mode:EDIT
2026-06-09 02:12:21, EXEC, v:1, k:fup@inverte, mode:FULL, rate:100, size:13
2026-06-09 02:12:34, MOVE, v:1, k:fup@inverte, mode:BACK
2026-06-09 02:12:13, MOVE, v:1, k:fup@inverte, mode:EDIT
2026-06-09 02:12:21, MOVE, v:1, k:fup@inverte, mode:EDIT
2026-06-09 02:12:59, MOVE, v:1, k:fup@inverte, mode:PICK
2026-06-09 02:13:18, EXEC, v:1, k:fup@inverte, mode:FULL, rate:75, size:14
2026-06-09 02:13:36, EXEC, v:1, k:fup@inverte, mode:FULL, rate:75, size:14
2026-06-09 02:13:56, EXEC, v:1, k:fup@inverte, mode:FULL, rate:100, size:14
2026-06-09 02:14:02, EXEC, v:1, k:fup@inverte, mode:FULL, rate:100, size:14
2026-06-09 02:14:11, MOVE, v:1, k:fup@inverte, mode:BACK
2026-06-09 02:14:38, SELF, v:1, k:fup@inverte, self:1, rate:100, concept:1, problem:1, debug:1
2026-06-09 02:29:05, MOVE, v:1, k:fup@substring, mode:DOWN
2026-06-09 02:29:07, MOVE, v:1, k:fup@substring, mode:PICK
2026-06-09 02:29:05, MOVE, v:1, k:fup@substring, mode:EDIT
2026-06-09 02:29:05, MOVE, v:1, k:fup@substring, mode:EDIT
2026-06-09 02:35:58, MOVE, v:1, k:fup@substring, mode:EDIT
2026-06-09 02:40:58, MOVE, v:1, k:fup@substring, mode:EDIT
2026-06-09 02:41:30, EXEC, v:1, k:fup@substring, mode:FULL, rate:0, size:26
2026-06-09 02:41:51, EXEC, v:1, k:fup@substring, mode:FULL, rate:0, size:27
2026-06-09 02:41:50, MOVE, v:1, k:fup@substring, mode:EDIT
2026-06-09 02:41:51, MOVE, v:1, k:fup@substring, mode:EDIT
2026-06-09 02:46:13, EXEC, v:1, k:fup@substring, mode:FULL, rate:0, size:25
2026-06-09 02:47:08, EXEC, v:1, k:fup@substring, mode:FULL, rate:0, size:25
2026-06-09 02:48:12, EXEC, v:1, k:fup@substring, mode:FULL, rate:0, size:23
2026-06-09 02:50:06, EXEC, v:1, k:fup@substring, mode:FULL, rate:0, size:27
2026-06-09 02:50:25, EXEC, v:1, k:fup@substring, mode:FULL, rate:0, size:28
2026-06-09 02:50:16, MOVE, v:1, k:fup@substring, mode:EDIT
2026-06-09 02:50:25, MOVE, v:1, k:fup@substring, mode:EDIT
2026-06-09 02:52:29, EXEC, v:1, k:fup@substring, mode:FULL, rate:71, size:22
2026-06-09 02:55:16, EXEC, v:1, k:fup@substring, mode:FULL, rate:100, size:28
2026-06-09 02:55:22, MOVE, v:1, k:fup@substring, mode:BACK
2026-06-09 02:55:50, SELF, v:1, k:fup@substring, self:1, rate:100, concept:1, problem:1, debug:1, refactor:1
2026-06-09 16:42:34, MOVE, v:1, k:fup@leds, mode:DOWN
2026-06-09 16:42:34, MOVE, v:1, k:fup@leds, mode:PICK
2026-06-09 16:42:33, MOVE, v:1, k:fup@leds, mode:EDIT
2026-06-09 16:42:34, MOVE, v:1, k:fup@leds, mode:EDIT
2026-06-09 16:42:34, MOVE, v:1, k:fup@leds, mode:EDIT
2026-06-09 16:48:00, MOVE, v:1, k:fup@leds, mode:EDIT
2026-06-09 16:53:36, MOVE, v:1, k:fup@leds, mode:EDIT
2026-06-09 16:58:15, MOVE, v:1, k:fup@leds, mode:EDIT
2026-06-09 17:03:44, MOVE, v:1, k:fup@leds, mode:EDIT
2026-06-09 17:07:50, EXEC, v:1, k:fup@leds, mode:FULL, rate:0, size:46
2026-06-09 17:08:18, EXEC, v:1, k:fup@leds, mode:FULL, rate:0, size:46
2026-06-09 17:08:25, EXEC, v:1, k:fup@leds, mode:FULL, rate:0, size:46
2026-06-09 17:08:24, MOVE, v:1, k:fup@leds, mode:EDIT
2026-06-09 17:08:25, MOVE, v:1, k:fup@leds, mode:EDIT
2026-06-09 17:13:49, MOVE, v:1, k:fup@leds, mode:BACK
2026-06-09 17:14:39, MOVE, v:1, k:fup@troco, mode:DOWN
2026-06-09 17:14:41, MOVE, v:1, k:fup@troco, mode:PICK
2026-06-09 17:14:39, MOVE, v:1, k:fup@troco, mode:EDIT
2026-06-09 17:14:39, MOVE, v:1, k:fup@troco, mode:EDIT
2026-06-09 17:18:51, MOVE, v:1, k:fup@troco, mode:EDIT
2026-06-09 17:20:57, EXEC, v:1, k:fup@troco, mode:FULL, rate:0, size:18
2026-06-09 17:21:42, EXEC, v:1, k:fup@troco, mode:FULL, rate:0, size:18
2026-06-09 17:22:08, EXEC, v:1, k:fup@troco, mode:FULL, rate:0, size:23
2026-06-09 17:22:30, EXEC, v:1, k:fup@troco, mode:FULL, rate:40, size:23
2026-06-09 17:22:21, MOVE, v:1, k:fup@troco, mode:EDIT
2026-06-09 17:22:26, MOVE, v:1, k:fup@troco, mode:EDIT
2026-06-09 17:24:28, EXEC, v:1, k:fup@troco, mode:FULL, rate:0, size:24
2026-06-09 17:28:29, MOVE, v:1, k:fup@troco, mode:EDIT
2026-06-09 17:24:24, MOVE, v:1, k:fup@troco, mode:EDIT
2026-06-09 17:30:46, EXEC, v:1, k:fup@troco, mode:FULL, rate:40, size:25
2026-06-09 17:30:40, MOVE, v:1, k:fup@troco, mode:EDIT
2026-06-09 17:30:42, MOVE, v:1, k:fup@troco, mode:EDIT
2026-06-09 17:42:23, EXEC, v:1, k:fup@troco, mode:FULL, rate:40, size:29
2026-06-09 17:43:49, EXEC, v:1, k:fup@troco, mode:FULL, rate:100, size:29
2026-06-09 17:43:46, MOVE, v:1, k:fup@troco, mode:EDIT
2026-06-09 17:43:48, MOVE, v:1, k:fup@troco, mode:EDIT
2026-06-09 17:45:54, MOVE, v:1, k:fup@troco, mode:BACK
2026-06-09 17:46:10, SELF, v:1, k:fup@troco, self:1, rate:100, friend:hanna
