2026-06-21 01:20:52, MOVE, v:1, k:fup@traficantes, mode:DOWN
2026-06-21 01:20:55, MOVE, v:1, k:fup@traficantes, mode:PICK
2026-06-21 01:20:52, MOVE, v:1, k:fup@traficantes, mode:EDIT
2026-06-21 01:23:39, MOVE, v:1, k:fup@traficantes, mode:EDIT
2026-06-21 01:30:02, MOVE, v:1, k:fup@traficantes, mode:EDIT
2026-06-21 01:35:04, MOVE, v:1, k:fup@traficantes, mode:EDIT
2026-06-21 01:37:15, EXEC, v:1, k:fup@traficantes, mode:FULL, size:25, fail:COMP
2026-06-21 01:40:05, MOVE, v:1, k:fup@traficantes, mode:EDIT
2026-06-21 01:41:18, EXEC, v:1, k:fup@traficantes, mode:FULL, size:32, fail:COMP
2026-06-21 01:42:35, EXEC, v:1, k:fup@traficantes, mode:FULL, rate:0, size:33
2026-06-21 01:42:44, EXEC, v:1, k:fup@traficantes, mode:FULL, rate:0
2026-06-21 01:45:05, EXEC, v:1, k:fup@traficantes, mode:FULL, rate:0, size:35
2026-06-21 01:45:02, MOVE, v:1, k:fup@traficantes, mode:EDIT
2026-06-21 01:45:05, MOVE, v:1, k:fup@traficantes, mode:EDIT
2026-06-21 01:46:32, EXEC, v:1, k:fup@traficantes, mode:FULL, rate:100, size:35
2026-06-21 01:46:43, MOVE, v:1, k:fup@traficantes, mode:BACK
2026-06-21 01:48:40, SELF, v:1, k:fup@traficantes, self:1, rate:100, concept:1, problem:1, debug:1
2026-06-21 01:54:27, MOVE, v:1, k:fup@gamados, mode:DOWN
2026-06-21 01:54:29, MOVE, v:1, k:fup@gamados, mode:PICK
2026-06-21 01:54:27, MOVE, v:1, k:fup@gamados, mode:EDIT
2026-06-21 01:55:53, MOVE, v:1, k:fup@gamados, mode:EDIT
2026-06-21 02:01:29, MOVE, v:1, k:fup@gamados, mode:EDIT
2026-06-21 02:04:07, EXEC, v:1, k:fup@gamados, mode:FULL, size:28, fail:COMP
2026-06-21 02:05:56, MOVE, v:1, k:fup@gamados, mode:EDIT
2026-06-21 02:10:34, MOVE, v:1, k:fup@gamados, mode:EDIT
2026-06-21 02:11:45, EXEC, v:1, k:fup@gamados, mode:FULL, size:32, fail:COMP
2026-06-21 02:12:26, EXEC, v:1, k:fup@gamados, mode:FULL, rate:42, size:33
2026-06-21 02:12:57, EXEC, v:1, k:fup@gamados, mode:FULL, rate:100, size:33
2026-06-21 02:13:11, MOVE, v:1, k:fup@gamados, mode:BACK
2026-06-21 02:13:36, SELF, v:1, k:fup@gamados, self:1, rate:100, concept:1, problem:1, debug:1
2026-06-21 02:15:54, MOVE, v:1, k:fup@mario, mode:DOWN
2026-06-21 02:15:55, MOVE, v:1, k:fup@mario, mode:PICK
2026-06-21 02:15:57, EXEC, v:1, k:fup@mario, mode:FULL, rate:0, size:5
2026-06-21 02:15:54, MOVE, v:1, k:fup@mario, mode:EDIT
2026-06-21 02:15:57, MOVE, v:1, k:fup@mario, mode:EDIT
2026-06-21 02:19:40, MOVE, v:1, k:fup@mario, mode:EDIT
2026-06-21 02:21:07, EXEC, v:1, k:fup@mario, mode:FULL, rate:0, size:16
2026-06-21 02:24:50, MOVE, v:1, k:fup@mario, mode:EDIT
2026-06-21 02:21:07, MOVE, v:1, k:fup@mario, mode:EDIT
2026-06-21 02:26:10, EXEC, v:1, k:fup@mario, mode:FULL, rate:0, size:25
2026-06-21 02:27:03, EXEC, v:1, k:fup@mario, mode:FULL, rate:100, size:25
2026-06-21 02:27:11, MOVE, v:1, k:fup@mario, mode:BACK
2026-06-21 02:27:29, SELF, v:1, k:fup@mario, self:1, rate:100, concept:1, problem:1
2026-06-21 02:29:20, MOVE, v:1, k:fup@valentina, mode:DOWN
2026-06-21 02:29:22, MOVE, v:1, k:fup@valentina, mode:PICK
2026-06-21 02:29:20, MOVE, v:1, k:fup@valentina, mode:EDIT
2026-06-21 02:33:47, MOVE, v:1, k:fup@valentina, mode:EDIT
2026-06-21 02:37:21, EXEC, v:1, k:fup@valentina, mode:FULL, rate:16, size:17
2026-06-21 02:37:58, EXEC, v:1, k:fup@valentina, mode:FULL, rate:16, size:17
2026-06-21 02:38:19, MOVE, v:1, k:fup@valentina, mode:EDIT
2026-06-21 02:37:58, MOVE, v:1, k:fup@valentina, mode:EDIT
2026-06-21 02:39:24, EXEC, v:1, k:fup@valentina, mode:FULL, rate:16, size:17
2026-06-21 02:40:06, EXEC, v:1, k:fup@valentina, mode:FULL, rate:16, size:17
2026-06-21 02:40:20, EXEC, v:1, k:fup@valentina, mode:FULL, rate:16, size:17
2026-06-21 02:42:44, EXEC, v:1, k:fup@valentina, mode:FULL, rate:16, size:17
2026-06-21 02:40:29, MOVE, v:1, k:fup@valentina, mode:EDIT
2026-06-21 02:42:43, MOVE, v:1, k:fup@valentina, mode:EDIT
2026-06-21 02:44:25, EXEC, v:1, k:fup@valentina, mode:FULL, rate:16, size:19
2026-06-21 02:48:03, EXEC, v:1, k:fup@valentina, mode:FULL, rate:100, size:30
2026-06-21 02:48:29, MOVE, v:1, k:fup@valentina, mode:BACK
2026-06-21 02:47:35, MOVE, v:1, k:fup@valentina, mode:EDIT
2026-06-21 02:48:03, MOVE, v:1, k:fup@valentina, mode:EDIT
2026-06-21 02:49:11, SELF, v:1, k:fup@valentina, self:1, rate:100, concept:1, problem:1, debug:1
