2026-05-07 21:47:38, MOVE, v:1, k:fup@poco, mode:DOWN
2026-05-07 21:47:39, MOVE, v:1, k:fup@poco, mode:PICK
2026-05-07 21:50:02, EXEC, v:1, k:fup@poco, mode:FULL, rate:0, size:18
2026-05-07 21:47:38, MOVE, v:1, k:fup@poco, mode:EDIT
2026-05-07 21:47:38, MOVE, v:1, k:fup@poco, mode:EDIT
2026-05-07 21:49:47, MOVE, v:1, k:fup@poco, mode:EDIT
2026-05-07 21:50:02, MOVE, v:1, k:fup@poco, mode:EDIT
2026-05-07 21:53:51, EXEC, v:1, k:fup@poco, mode:FULL, rate:0, size:18
2026-05-07 21:56:50, EXEC, v:1, k:fup@poco, mode:FULL, rate:0, size:24
2026-05-07 21:56:45, MOVE, v:1, k:fup@poco, mode:EDIT
2026-05-07 21:56:49, MOVE, v:1, k:fup@poco, mode:EDIT
2026-05-07 22:01:42, MOVE, v:1, k:fup@poco, mode:EDIT
2026-05-07 22:02:14, EXEC, v:1, k:fup@poco, mode:FULL, rate:0, size:28
2026-05-07 22:02:31, EXEC, v:1, k:fup@poco, mode:FULL, rate:33, size:28
2026-05-07 22:02:49, EXEC, v:1, k:fup@poco, mode:FULL, rate:33, size:28
2026-05-07 22:02:47, MOVE, v:1, k:fup@poco, mode:EDIT
2026-05-07 22:02:48, MOVE, v:1, k:fup@poco, mode:EDIT
2026-05-07 22:09:48, EXEC, v:1, k:fup@poco, mode:FULL, rate:33, size:29
2026-05-07 22:11:48, MOVE, v:1, k:fup@poco, mode:EDIT
2026-05-07 22:09:48, MOVE, v:1, k:fup@poco, mode:EDIT
2026-05-07 22:11:58, EXEC, v:1, k:fup@poco, mode:FULL, rate:33, size:29
2026-05-07 22:12:36, EXEC, v:1, k:fup@poco, mode:FULL, rate:33, size:29
2026-05-07 22:13:31, EXEC, v:1, k:fup@poco, mode:FULL, rate:66, size:29
2026-05-07 22:16:48, MOVE, v:1, k:fup@poco, mode:EDIT
2026-05-07 22:13:31, MOVE, v:1, k:fup@poco, mode:EDIT
2026-05-07 22:17:26, EXEC, v:1, k:fup@poco, mode:FULL, rate:66, size:29
2026-05-07 22:21:00, EXEC, v:1, k:fup@poco, mode:FULL, rate:66, size:29
2026-05-07 22:20:06, MOVE, v:1, k:fup@poco, mode:EDIT
2026-05-07 22:21:00, MOVE, v:1, k:fup@poco, mode:EDIT
2026-05-07 22:22:57, EXEC, v:1, k:fup@poco, mode:FULL, rate:100, size:33
2026-05-07 22:23:10, MOVE, v:1, k:fup@poco, mode:BACK
2026-05-07 22:24:15, SELF, v:1, k:fup@poco, self:1, rate:100, concept:1, problem:1, debug:1, refactor:1
