2026-06-23 00:12:42, MOVE, v:1, k:fup@eribelton, mode:PICK
2026-06-23 01:12:44, MOVE, v:1, k:fup@eribelton, mode:BACK
2026-06-23 13:34:33, MOVE, v:1, k:fup@avestruz, mode:DOWN
2026-06-23 13:34:34, MOVE, v:1, k:fup@avestruz, mode:PICK
2026-06-23 13:34:33, MOVE, v:1, k:fup@avestruz, mode:EDIT
2026-06-23 13:37:34, MOVE, v:1, k:fup@avestruz, mode:EDIT
2026-06-23 13:41:43, MOVE, v:1, k:fup@avestruz, mode:EDIT
2026-06-23 13:46:33, EXEC, v:1, k:fup@avestruz, mode:FULL, rate:25, size:33
2026-06-23 13:47:26, MOVE, v:1, k:fup@avestruz, mode:EDIT
2026-06-23 13:46:32, MOVE, v:1, k:fup@avestruz, mode:EDIT
2026-06-23 13:50:52, EXEC, v:1, k:fup@avestruz, mode:FULL, rate:100, size:37
2026-06-23 13:51:08, MOVE, v:1, k:fup@avestruz, mode:BACK
2026-06-23 13:51:26, SELF, v:1, k:fup@avestruz, self:1, rate:100, concept:1, problem:1, debug:1
2026-06-23 13:56:06, MOVE, v:1, k:fup@crushometro, mode:DOWN
2026-06-23 13:56:07, MOVE, v:1, k:fup@crushometro, mode:PICK
2026-06-23 13:56:06, MOVE, v:1, k:fup@crushometro, mode:EDIT
2026-06-23 13:57:54, MOVE, v:1, k:fup@crushometro, mode:EDIT
2026-06-23 14:02:54, MOVE, v:1, k:fup@crushometro, mode:EDIT
2026-06-23 14:06:23, MOVE, v:1, k:fup@crushometro, mode:EDIT
2026-06-23 14:12:53, MOVE, v:1, k:fup@crushometro, mode:EDIT
2026-06-23 14:17:49, MOVE, v:1, k:fup@crushometro, mode:EDIT
2026-06-23 14:22:18, EXEC, v:1, k:fup@crushometro, mode:FULL, rate:0, size:43
2026-06-23 14:22:55, MOVE, v:1, k:fup@crushometro, mode:EDIT
2026-06-23 14:22:18, MOVE, v:1, k:fup@crushometro, mode:EDIT
2026-06-23 14:23:19, EXEC, v:1, k:fup@crushometro, mode:FULL, rate:0, size:43
2026-06-23 14:23:30, EXEC, v:1, k:fup@crushometro, mode:FULL, rate:100, size:43
2026-06-23 14:23:46, MOVE, v:1, k:fup@crushometro, mode:BACK
2026-06-23 14:24:02, SELF, v:1, k:fup@crushometro, self:1, rate:100, concept:1, problem:1, debug:1
2026-06-23 18:32:02, MOVE, v:1, k:fup@gagueira, mode:DOWN
2026-06-23 18:32:03, MOVE, v:1, k:fup@gagueira, mode:PICK
2026-06-23 18:32:02, MOVE, v:1, k:fup@gagueira, mode:EDIT
2026-06-23 18:32:02, MOVE, v:1, k:fup@gagueira, mode:EDIT
2026-06-23 18:34:15, MOVE, v:1, k:fup@gagueira, mode:BACK
2026-06-23 18:52:42, MOVE, v:1, k:fup@gagueira, mode:PICK
2026-06-23 18:57:23, MOVE, v:1, k:fup@gagueira, mode:EDIT
2026-06-23 19:02:33, MOVE, v:1, k:fup@gagueira, mode:EDIT
2026-06-23 19:05:49, EXEC, v:1, k:fup@gagueira, mode:FULL, rate:0, size:27
2026-06-23 19:06:18, EXEC, v:1, k:fup@gagueira, mode:FULL, rate:100, size:27
2026-06-23 19:06:26, MOVE, v:1, k:fup@gagueira, mode:BACK
2026-06-23 19:06:48, SELF, v:1, k:fup@gagueira, self:1, rate:100, concept:1, problem:1, debug:1
2026-06-23 20:34:12, MOVE, v:1, k:fup@guerra, mode:DOWN
2026-06-23 20:34:15, MOVE, v:1, k:fup@guerra, mode:PICK
2026-06-23 20:36:56, MOVE, v:1, k:fup@guerra, mode:BACK
2026-06-23 20:37:02, MOVE, v:1, k:fup@guerra, mode:PICK
2026-06-23 20:34:12, MOVE, v:1, k:fup@guerra, mode:EDIT
2026-06-23 20:38:29, MOVE, v:1, k:fup@guerra, mode:EDIT
2026-06-23 20:46:19, MOVE, v:1, k:fup@guerra, mode:PICK
2026-06-23 20:51:07, MOVE, v:1, k:fup@guerra, mode:EDIT
2026-06-23 20:56:09, MOVE, v:1, k:fup@guerra, mode:EDIT
2026-06-23 21:01:07, MOVE, v:1, k:fup@guerra, mode:EDIT
2026-06-23 21:03:00, EXEC, v:1, k:fup@guerra, mode:FULL, rate:20, size:45
2026-06-23 21:04:59, EXEC, v:1, k:fup@guerra, mode:FULL, rate:20, size:45
2026-06-23 21:06:06, EXEC, v:1, k:fup@guerra, mode:FULL, rate:20, size:45
2026-06-23 21:06:01, MOVE, v:1, k:fup@guerra, mode:EDIT
2026-06-23 21:06:05, MOVE, v:1, k:fup@guerra, mode:EDIT
2026-06-23 21:06:18, EXEC, v:1, k:fup@guerra, mode:FULL, rate:20, size:45
2026-06-23 21:06:33, EXEC, v:1, k:fup@guerra, mode:FULL, rate:20, size:45
2026-06-23 21:08:27, EXEC, v:1, k:fup@guerra, mode:FULL, rate:20
2026-06-23 21:11:08, MOVE, v:1, k:fup@guerra, mode:EDIT
2026-06-23 21:08:26, MOVE, v:1, k:fup@guerra, mode:EDIT
2026-06-23 21:15:58, MOVE, v:1, k:fup@guerra, mode:EDIT
2026-06-23 21:21:11, MOVE, v:1, k:fup@guerra, mode:EDIT
2026-06-23 21:22:11, EXEC, v:1, k:fup@guerra, mode:FULL, rate:100, size:57
2026-06-23 21:22:19, MOVE, v:1, k:fup@guerra, mode:BACK
2026-06-23 21:22:37, SELF, v:1, k:fup@guerra, self:1, rate:100, concept:1, problem:1, debug:1
