2026-04-28 02:27:45, SELF, v:1, k:fup@zigzag, self:1, concept:1, problem:1
2026-04-28 02:28:32, MOVE, v:1, k:fup@zigzag, mode:PICK
2026-04-28 02:28:41, EXEC, v:1, k:fup@zigzag, mode:FULL, rate:100
2026-04-28 02:28:49, MOVE, v:1, k:fup@zigzag, mode:BACK
2026-04-28 02:30:52, MOVE, v:1, k:fup@colorido, mode:DOWN
2026-04-28 02:30:55, MOVE, v:1, k:fup@colorido, mode:PICK
2026-04-28 02:34:05, EXEC, v:1, k:fup@colorido, mode:FULL, rate:0, size:16
2026-04-28 02:34:40, EXEC, v:1, k:fup@colorido, mode:FULL, rate:0, size:18
2026-04-28 02:30:52, MOVE, v:1, k:fup@colorido, mode:EDIT
2026-04-28 02:30:52, MOVE, v:1, k:fup@colorido, mode:EDIT
2026-04-28 02:34:39, MOVE, v:1, k:fup@colorido, mode:EDIT
2026-04-28 02:34:40, MOVE, v:1, k:fup@colorido, mode:EDIT
2026-04-28 02:39:31, MOVE, v:1, k:fup@colorido, mode:EDIT
2026-04-28 02:42:12, EXEC, v:1, k:fup@colorido, mode:FULL, rate:83, size:25
2026-04-28 02:42:31, EXEC, v:1, k:fup@colorido, mode:FULL, rate:16, size:25
2026-04-28 02:42:39, EXEC, v:1, k:fup@colorido, mode:FULL, rate:83, size:25
2026-04-28 02:42:58, EXEC, v:1, k:fup@colorido, mode:FULL, rate:0, size:25
2026-04-28 02:43:04, EXEC, v:1, k:fup@colorido, mode:FULL, rate:0, size:25
2026-04-28 02:43:14, EXEC, v:1, k:fup@colorido, mode:FULL, rate:83, size:25
2026-04-28 02:43:25, EXEC, v:1, k:fup@colorido, mode:FULL, rate:0, size:25
2026-04-28 02:43:32, EXEC, v:1, k:fup@colorido, mode:FULL, rate:83, size:25
2026-04-28 02:43:36, EXEC, v:1, k:fup@colorido, mode:FULL, rate:0, size:25
2026-04-28 02:43:46, EXEC, v:1, k:fup@colorido, mode:FULL, rate:83, size:25
2026-04-28 02:44:31, EXEC, v:1, k:fup@colorido, mode:FULL, rate:0, size:25
2026-04-28 02:44:44, EXEC, v:1, k:fup@colorido, mode:FULL, rate:0, size:25
2026-04-28 02:44:59, EXEC, v:1, k:fup@colorido, mode:FULL, rate:83, size:25
2026-04-28 02:45:10, EXEC, v:1, k:fup@colorido, mode:FULL, rate:0, size:25
2026-04-28 02:45:19, EXEC, v:1, k:fup@colorido, mode:FULL, rate:16, size:25
2026-04-28 02:45:18, MOVE, v:1, k:fup@colorido, mode:EDIT
2026-04-28 02:45:19, MOVE, v:1, k:fup@colorido, mode:EDIT
2026-04-28 02:45:35, EXEC, v:1, k:fup@colorido, mode:FULL, rate:100, size:25
2026-04-28 02:45:52, MOVE, v:1, k:fup@colorido, mode:BACK
2026-04-28 02:46:16, SELF, v:1, k:fup@colorido, self:1, rate:100, concept:1, problem:1, refactor:1
