2026-05-24 00:00:08, MOVE, v:1, k:fup@piao, mode:EDIT
2026-05-24 00:03:25, MOVE, v:1, k:fup@piao, mode:PICK
2026-05-24 00:03:37, EXEC, v:1, k:fup@piao, mode:FREE, size:35
2026-05-24 00:05:09, MOVE, v:1, k:fup@piao, mode:EDIT
2026-05-24 00:03:37, MOVE, v:1, k:fup@piao, mode:EDIT
2026-05-24 00:08:14, EXEC, v:1, k:fup@piao, mode:FULL, rate:7, size:37
2026-05-24 00:10:09, MOVE, v:1, k:fup@piao, mode:EDIT
2026-05-24 00:08:14, MOVE, v:1, k:fup@piao, mode:EDIT
2026-05-24 00:11:02, EXEC, v:1, k:fup@piao, mode:FULL, rate:7, size:45
2026-05-24 00:11:48, EXEC, v:1, k:fup@piao, mode:FULL, rate:7, size:41
2026-05-24 00:12:29, EXEC, v:1, k:fup@piao, mode:FULL, rate:0, size:41
2026-05-24 00:13:17, EXEC, v:1, k:fup@piao, mode:FULL, rate:0, size:41
2026-05-24 00:13:34, EXEC, v:1, k:fup@piao, mode:FULL, rate:0, size:41
2026-05-24 00:14:07, EXEC, v:1, k:fup@piao, mode:FULL, rate:0, size:45
2026-05-24 00:13:59, MOVE, v:1, k:fup@piao, mode:EDIT
2026-05-24 00:14:06, MOVE, v:1, k:fup@piao, mode:EDIT
2026-05-24 00:21:03, EXEC, v:1, k:fup@piao, mode:FULL, rate:14, size:45
2026-05-24 00:20:59, MOVE, v:1, k:fup@piao, mode:EDIT
2026-05-24 00:21:03, MOVE, v:1, k:fup@piao, mode:EDIT
2026-05-24 00:30:55, EXEC, v:1, k:fup@piao, mode:FULL, rate:14
2026-05-24 00:31:18, EXEC, v:1, k:fup@piao, mode:FULL, size:42, fail:COMP
2026-05-24 00:31:37, EXEC, v:1, k:fup@piao, mode:FULL, rate:14, size:41
2026-05-24 00:31:36, MOVE, v:1, k:fup@piao, mode:EDIT
2026-05-24 00:33:05, MOVE, v:1, k:fup@piao, mode:EDIT
2026-05-24 00:42:54, EXEC, v:1, k:fup@piao, mode:FULL, rate:42, size:44
2026-05-24 00:45:06, EXEC, v:1, k:fup@piao, mode:FULL, rate:35, size:44
2026-05-24 00:45:05, MOVE, v:1, k:fup@piao, mode:EDIT
2026-05-24 00:45:06, MOVE, v:1, k:fup@piao, mode:EDIT
2026-05-24 00:45:32, EXEC, v:1, k:fup@piao, mode:FULL, rate:35
2026-05-24 00:47:24, EXEC, v:1, k:fup@piao, mode:FULL, rate:28, size:43
2026-05-24 00:48:57, EXEC, v:1, k:fup@piao, mode:FULL, rate:35, size:44
2026-05-24 00:48:48, MOVE, v:1, k:fup@piao, mode:EDIT
2026-05-24 00:48:57, MOVE, v:1, k:fup@piao, mode:EDIT
2026-05-24 00:55:10, MOVE, v:1, k:fup@piao, mode:EDIT
2026-05-24 00:55:45, EXEC, v:1, k:fup@piao, mode:FULL, rate:21, size:48
2026-05-24 00:56:46, EXEC, v:1, k:fup@piao, mode:FULL, rate:21, size:48
2026-05-24 00:57:26, MOVE, v:1, k:fup@piao, mode:BACK
2026-05-24 16:45:31, MOVE, v:1, k:fup@piao, mode:PICK
2026-05-24 16:46:03, EXEC, v:1, k:fup@piao, mode:FULL, rate:21
2026-05-24 16:47:47, EXEC, v:1, k:fup@piao, mode:FULL, rate:21, size:48
2026-05-24 16:48:48, EXEC, v:1, k:fup@piao, mode:FULL, rate:35, size:46
2026-05-24 16:48:47, MOVE, v:1, k:fup@piao, mode:EDIT
2026-05-24 16:50:11, MOVE, v:1, k:fup@piao, mode:EDIT
2026-05-24 16:50:34, EXEC, v:1, k:fup@piao, mode:FULL, rate:21, size:44
2026-05-24 16:53:00, EXEC, v:1, k:fup@piao, mode:FULL, rate:78, size:44
2026-05-24 16:54:10, EXEC, v:1, k:fup@piao, mode:FULL, rate:100, size:44
2026-05-24 16:54:14, MOVE, v:1, k:fup@piao, mode:BACK
2026-05-24 16:55:01, SELF, v:1, k:fup@piao, self:1, rate:100, concept:1, problem:1, debug:1, refactor:1
2026-05-24 16:59:47, MOVE, v:1, k:fup@jedi, mode:DOWN
2026-05-24 16:59:48, MOVE, v:1, k:fup@jedi, mode:PICK
2026-05-24 16:59:47, MOVE, v:1, k:fup@jedi, mode:EDIT
2026-05-24 16:59:47, MOVE, v:1, k:fup@jedi, mode:EDIT
2026-05-24 17:01:20, MOVE, v:1, k:fup@jedi, mode:EDIT
2026-05-24 17:04:33, EXEC, v:1, k:fup@jedi, mode:FULL, rate:100, size:30
2026-05-24 17:04:59, MOVE, v:1, k:fup@jedi, mode:BACK
2026-05-24 17:05:21, SELF, v:1, k:fup@jedi, self:1, rate:100, concept:1, problem:1
2026-05-24 17:06:42, MOVE, v:1, k:fup@pmg, mode:DOWN
2026-05-24 17:06:43, MOVE, v:1, k:fup@pmg, mode:PICK
2026-05-24 17:06:42, MOVE, v:1, k:fup@pmg, mode:EDIT
2026-05-24 17:06:42, MOVE, v:1, k:fup@pmg, mode:EDIT
2026-05-24 17:11:18, MOVE, v:1, k:fup@pmg, mode:EDIT
2026-05-24 17:16:05, MOVE, v:1, k:fup@pmg, mode:EDIT
2026-05-24 17:21:29, MOVE, v:1, k:fup@pmg, mode:EDIT
2026-05-24 17:21:56, EXEC, v:1, k:fup@pmg, mode:FULL, rate:0, size:32
2026-05-24 17:22:32, EXEC, v:1, k:fup@pmg, mode:FULL, rate:0, size:33
2026-05-24 17:23:18, EXEC, v:1, k:fup@pmg, mode:FULL, rate:0, size:33
2026-05-24 17:24:28, EXEC, v:1, k:fup@pmg, mode:FULL, rate:33, size:33
2026-05-24 17:25:33, EXEC, v:1, k:fup@pmg, mode:FULL, rate:100, size:33
2026-05-24 17:25:33, MOVE, v:1, k:fup@pmg, mode:EDIT
2026-05-24 17:25:31, MOVE, v:1, k:fup@pmg, mode:EDIT
2026-05-24 17:27:23, MOVE, v:1, k:fup@pmg, mode:BACK
2026-05-24 17:27:48, SELF, v:1, k:fup@pmg, self:1, rate:100, concept:1, problem:1, debug:1
