2026-05-30 19:59:47, MOVE, v:1, k:fup@sopa, mode:DOWN
2026-05-30 19:59:48, MOVE, v:1, k:fup@sopa, mode:PICK
2026-05-30 19:59:47, MOVE, v:1, k:fup@sopa, mode:EDIT
2026-05-30 19:59:47, MOVE, v:1, k:fup@sopa, mode:EDIT
2026-05-30 20:05:01, MOVE, v:1, k:fup@sopa, mode:EDIT
2026-05-30 20:11:29, EXEC, v:1, k:fup@sopa, mode:FULL, rate:100, size:17
2026-05-30 20:11:33, MOVE, v:1, k:fup@sopa, mode:BACK
2026-05-30 20:11:59, SELF, v:1, k:fup@sopa, self:1, rate:100, concept:1, problem:1, refactor:1
2026-05-30 20:13:57, MOVE, v:1, k:fup@digitos, mode:DOWN
2026-05-30 20:13:58, MOVE, v:1, k:fup@digitos, mode:PICK
2026-05-30 20:16:41, EXEC, v:1, k:fup@digitos, mode:FULL, rate:91, size:16
2026-05-30 20:16:54, EXEC, v:1, k:fup@digitos, mode:FULL, rate:0, size:16
2026-05-30 20:17:10, EXEC, v:1, k:fup@digitos, mode:FULL, rate:91, size:16
2026-05-30 20:17:29, EXEC, v:1, k:fup@digitos, mode:FULL, rate:91, size:17
2026-05-30 20:13:57, MOVE, v:1, k:fup@digitos, mode:EDIT
2026-05-30 20:13:57, MOVE, v:1, k:fup@digitos, mode:EDIT
2026-05-30 20:17:28, MOVE, v:1, k:fup@digitos, mode:EDIT
2026-05-30 20:17:29, MOVE, v:1, k:fup@digitos, mode:EDIT
2026-05-30 20:21:31, EXEC, v:1, k:fup@digitos, mode:FULL, rate:83, size:21
2026-05-30 20:21:52, EXEC, v:1, k:fup@digitos, mode:FULL, rate:83, size:21
2026-05-30 20:22:41, EXEC, v:1, k:fup@digitos, mode:FULL, rate:100, size:21
2026-05-30 20:22:49, MOVE, v:1, k:fup@digitos, mode:BACK
2026-05-30 20:23:18, SELF, v:1, k:fup@digitos, self:1, rate:100, concept:1, problem:1, debug:1, refactor:1
