2026-05-18 16:50:17, MOVE, v:1, k:fup@tazos, mode:DOWN
2026-05-18 16:50:21, MOVE, v:1, k:fup@tazos, mode:PICK
2026-05-18 16:50:17, MOVE, v:1, k:fup@tazos, mode:EDIT
2026-05-18 16:50:17, MOVE, v:1, k:fup@tazos, mode:EDIT
2026-05-18 16:51:43, MOVE, v:1, k:fup@tazos, mode:EDIT
2026-05-18 16:52:10, EXEC, v:1, k:fup@tazos, mode:FULL, rate:0, size:11
2026-05-18 16:56:36, MOVE, v:1, k:fup@tazos, mode:EDIT
2026-05-18 16:52:10, MOVE, v:1, k:fup@tazos, mode:EDIT
2026-05-18 16:59:14, EXEC, v:1, k:fup@tazos, mode:FULL, rate:0, size:11
2026-05-18 17:00:04, MOVE, v:1, k:fup@tazos, mode:EDIT
2026-05-18 16:59:14, MOVE, v:1, k:fup@tazos, mode:EDIT
2026-05-18 17:06:25, MOVE, v:1, k:fup@tazos, mode:EDIT
2026-05-18 17:08:56, MOVE, v:1, k:fup@tazos, mode:EDIT
2026-05-18 17:16:44, MOVE, v:1, k:fup@tazos, mode:EDIT
2026-05-18 17:17:22, EXEC, v:1, k:fup@tazos, mode:FULL, rate:0, size:25
2026-05-18 17:17:35, EXEC, v:1, k:fup@tazos, mode:FULL, rate:38, size:25
2026-05-18 17:20:31, EXEC, v:1, k:fup@tazos, mode:FULL, rate:46, size:25
2026-05-18 17:20:57, EXEC, v:1, k:fup@tazos, mode:FULL, rate:38, size:25
2026-05-18 17:20:56, MOVE, v:1, k:fup@tazos, mode:EDIT
2026-05-18 17:20:57, MOVE, v:1, k:fup@tazos, mode:EDIT
2026-05-18 17:26:06, EXEC, v:1, k:fup@tazos, mode:FULL, rate:38
2026-05-18 17:26:06, MOVE, v:1, k:fup@tazos, mode:EDIT
2026-05-18 17:36:09, MOVE, v:1, k:fup@tazos, mode:EDIT
2026-05-18 17:38:49, EXEC, v:1, k:fup@tazos, mode:FULL, size:31, fail:COMP
2026-05-18 17:41:10, EXEC, v:1, k:fup@tazos, mode:FULL, rate:0, size:31
2026-05-18 17:41:07, MOVE, v:1, k:fup@tazos, mode:EDIT
2026-05-18 17:41:10, MOVE, v:1, k:fup@tazos, mode:EDIT
2026-05-18 17:43:57, EXEC, v:1, k:fup@tazos, mode:FULL, rate:0, size:31
2026-05-18 17:44:21, EXEC, v:1, k:fup@tazos, mode:FULL, rate:0, size:31
2026-05-18 17:44:20, MOVE, v:1, k:fup@tazos, mode:EDIT
2026-05-18 17:44:20, MOVE, v:1, k:fup@tazos, mode:EDIT
2026-05-18 17:53:58, EXEC, v:1, k:fup@tazos, mode:FULL, size:31, fail:COMP
2026-05-18 17:56:46, MOVE, v:1, k:fup@tazos, mode:EDIT
2026-05-18 17:56:47, EXEC, v:1, k:fup@tazos, mode:FULL, rate:15, size:31
2026-05-18 17:57:02, EXEC, v:1, k:fup@tazos, mode:FULL, size:31, fail:COMP
2026-05-18 17:57:10, EXEC, v:1, k:fup@tazos, mode:FULL, rate:15, size:31
2026-05-18 17:57:29, EXEC, v:1, k:fup@tazos, mode:FULL, rate:0, size:31
2026-05-18 17:58:08, EXEC, v:1, k:fup@tazos, mode:FULL, rate:0
2026-05-18 17:58:16, EXEC, v:1, k:fup@tazos, mode:FULL, rate:15, size:31
2026-05-18 17:59:14, EXEC, v:1, k:fup@tazos, mode:FULL, rate:15, size:31
2026-05-18 17:59:56, EXEC, v:1, k:fup@tazos, mode:FULL, rate:38, size:31
2026-05-18 17:59:56, MOVE, v:1, k:fup@tazos, mode:EDIT
2026-05-18 17:59:56, MOVE, v:1, k:fup@tazos, mode:EDIT
2026-05-18 18:20:26, MOVE, v:1, k:fup@tazos, mode:BACK
