2026-05-20 23:34:06, MOVE, v:1, k:fup@fila, mode:PICK
2026-05-20 23:34:18, EXEC, v:1, k:fup@fila, mode:FULL, rate:60
2026-05-20 23:34:17, MOVE, v:1, k:fup@fila, mode:EDIT
2026-05-20 23:40:23, EXEC, v:1, k:fup@fila, mode:FULL, rate:0, size:38
2026-05-20 23:40:34, EXEC, v:1, k:fup@fila, mode:FULL, rate:60, size:38
2026-05-20 23:42:26, EXEC, v:1, k:fup@fila, mode:FULL, rate:10, size:38
2026-05-20 23:42:36, EXEC, v:1, k:fup@fila, mode:FULL, rate:10, size:38
2026-05-20 23:42:50, EXEC, v:1, k:fup@fila, mode:FULL, rate:20, size:38
2026-05-20 23:43:01, EXEC, v:1, k:fup@fila, mode:FULL, rate:10, size:38
2026-05-20 23:43:15, EXEC, v:1, k:fup@fila, mode:FULL, rate:60, size:38
2026-05-20 23:43:39, EXEC, v:1, k:fup@fila, mode:FULL, rate:20, size:38
2026-05-20 23:43:37, MOVE, v:1, k:fup@fila, mode:EDIT
2026-05-20 23:43:39, MOVE, v:1, k:fup@fila, mode:EDIT
2026-05-20 23:44:32, EXEC, v:1, k:fup@fila, mode:FULL, rate:10, size:38
2026-05-20 23:47:32, EXEC, v:1, k:fup@fila, mode:FULL, rate:0, size:33
2026-05-20 23:47:47, EXEC, v:1, k:fup@fila, mode:FULL, rate:0, size:33
2026-05-20 23:47:59, EXEC, v:1, k:fup@fila, mode:FULL, rate:100, size:33
2026-05-20 23:48:07, EXEC, v:1, k:fup@fila, mode:FULL, rate:100
2026-05-20 23:47:58, MOVE, v:1, k:fup@fila, mode:EDIT
2026-05-20 23:48:07, MOVE, v:1, k:fup@fila, mode:EDIT
2026-05-20 23:50:08, MOVE, v:1, k:fup@fila, mode:BACK
2026-05-20 23:50:26, SELF, v:1, k:fup@fila, self:1, rate:100
